{"sessionId":"b50ff1","location":"lib/billing/premium.ts","message":"isOrgPremium called","data":{"orgId":"cmotbihj40000a8vctt6vgo5t","hasOrgSubscription":"undefined","orgPrefixedKeys":["organization","organizationMember","orgSettings"]},"timestamp":1778033068730,"hypothesisId":"A"}
{"sessionId":"b50ff1","location":"lib/billing/premium.ts","message":"delegate resolved","data":{"orgId":"cmotbihj40000a8vctt6vgo5t","hasFindUnique":false},"timestamp":1778033068730,"hypothesisId":"E"}
{"sessionId":"b50ff1","location":"lib/billing/premium.ts","message":"fallback queryRaw failed","data":{"orgId":"cmotbihj40000a8vctt6vgo5t","error":"\nInvalid `prisma.$queryRaw()` invocation:\n\n\nRaw query failed. Code: `42P01`. Message: `relation \"OrgSubscription\" does not exist`"},"timestamp":1778033068733,"hypothesisId":"F"}
{"sessionId":"b50ff1","location":"lib/billing/premium.ts","message":"isOrgPremium called","data":{"orgId":"cmotbihj40000a8vctt6vgo5t","hasOrgSubscription":"undefined","orgPrefixedKeys":["organization","organizationMember","orgSettings"]},"timestamp":1778033287786,"hypothesisId":"A"}
{"sessionId":"b50ff1","location":"lib/billing/premium.ts","message":"delegate resolved","data":{"orgId":"cmotbihj40000a8vctt6vgo5t","hasFindUnique":false},"timestamp":1778033287786,"hypothesisId":"E"}
{"sessionId":"b50ff1","location":"lib/billing/premium.ts","message":"fallback queryRaw failed","data":{"orgId":"cmotbihj40000a8vctt6vgo5t","error":"\nInvalid `prisma.$queryRaw()` invocation:\n\n\nRaw query failed. Code: `42P01`. Message: `relation \"OrgSubscription\" does not exist`"},"timestamp":1778033287789,"hypothesisId":"F"}
{"sessionId":"b50ff1","location":"lib/billing/premium.ts","message":"isOrgPremium called","data":{"orgId":"cmotbihj40000a8vctt6vgo5t","hasOrgSubscription":"undefined","orgPrefixedKeys":["organization","organizationMember","orgSettings"]},"timestamp":1778033323042,"hypothesisId":"A"}
{"sessionId":"b50ff1","location":"lib/billing/premium.ts","message":"delegate resolved","data":{"orgId":"cmotbihj40000a8vctt6vgo5t","hasFindUnique":false},"timestamp":1778033323042,"hypothesisId":"E"}
{"sessionId":"b50ff1","location":"lib/billing/premium.ts","message":"fallback queryRaw failed","data":{"orgId":"cmotbihj40000a8vctt6vgo5t","error":"\nInvalid `prisma.$queryRaw()` invocation:\n\n\nRaw query failed. Code: `42P01`. Message: `relation \"OrgSubscription\" does not exist`"},"timestamp":1778033323046,"hypothesisId":"F"}
{"sessionId":"b50ff1","location":"lib/billing/premium.ts","message":"isOrgPremium called","data":{"orgId":"cmotbihj40000a8vctt6vgo5t","hasOrgSubscription":"undefined","orgPrefixedKeys":["organization","organizationMember","orgSettings"]},"timestamp":1778033323848,"hypothesisId":"A"}
{"sessionId":"b50ff1","location":"lib/billing/premium.ts","message":"delegate resolved","data":{"orgId":"cmotbihj40000a8vctt6vgo5t","hasFindUnique":false},"timestamp":1778033323848,"hypothesisId":"E"}
{"sessionId":"b50ff1","location":"lib/billing/premium.ts","message":"fallback queryRaw failed","data":{"orgId":"cmotbihj40000a8vctt6vgo5t","error":"\nInvalid `prisma.$queryRaw()` invocation:\n\n\nRaw query failed. Code: `42P01`. Message: `relation \"OrgSubscription\" does not exist`"},"timestamp":1778033323852,"hypothesisId":"F"}
{"sessionId":"b50ff1","location":"lib/billing/premium.ts","message":"isOrgPremium called","data":{"orgId":"cmotbihj40000a8vctt6vgo5t","hasOrgSubscription":"undefined","orgPrefixedKeys":["organization","organizationMember","orgSettings"]},"timestamp":1778033324625,"hypothesisId":"A"}
{"sessionId":"b50ff1","location":"lib/billing/premium.ts","message":"delegate resolved","data":{"orgId":"cmotbihj40000a8vctt6vgo5t","hasFindUnique":false},"timestamp":1778033324626,"hypothesisId":"E"}
{"sessionId":"b50ff1","location":"lib/billing/premium.ts","message":"fallback queryRaw failed","data":{"orgId":"cmotbihj40000a8vctt6vgo5t","error":"\nInvalid `prisma.$queryRaw()` invocation:\n\n\nRaw query failed. Code: `42P01`. Message: `relation \"OrgSubscription\" does not exist`"},"timestamp":1778033324630,"hypothesisId":"F"}
{"sessionId":"b50ff1","location":"lib/billing/premium.ts","message":"isOrgPremium called","data":{"orgId":"cmotbihj40000a8vctt6vgo5t","hasOrgSubscription":"undefined","orgPrefixedKeys":["organization","organizationMember","orgSettings"]},"timestamp":1778033325319,"hypothesisId":"A"}
{"sessionId":"b50ff1","location":"lib/billing/premium.ts","message":"delegate resolved","data":{"orgId":"cmotbihj40000a8vctt6vgo5t","hasFindUnique":false},"timestamp":1778033325319,"hypothesisId":"E"}
{"sessionId":"b50ff1","location":"lib/billing/premium.ts","message":"fallback queryRaw failed","data":{"orgId":"cmotbihj40000a8vctt6vgo5t","error":"\nInvalid `prisma.$queryRaw()` invocation:\n\n\nRaw query failed. Code: `42P01`. Message: `relation \"OrgSubscription\" does not exist`"},"timestamp":1778033325323,"hypothesisId":"F"}
{"sessionId":"b50ff1","location":"lib/billing/premium.ts","message":"isOrgPremium called","data":{"orgId":"cmotbihj40000a8vctt6vgo5t","hasOrgSubscription":"undefined","orgPrefixedKeys":["organization","organizationMember","orgSettings"]},"timestamp":1778033326052,"hypothesisId":"A"}
{"sessionId":"b50ff1","location":"lib/billing/premium.ts","message":"delegate resolved","data":{"orgId":"cmotbihj40000a8vctt6vgo5t","hasFindUnique":false},"timestamp":1778033326052,"hypothesisId":"E"}
{"sessionId":"b50ff1","location":"lib/billing/premium.ts","message":"fallback queryRaw failed","data":{"orgId":"cmotbihj40000a8vctt6vgo5t","error":"\nInvalid `prisma.$queryRaw()` invocation:\n\n\nRaw query failed. Code: `42P01`. Message: `relation \"OrgSubscription\" does not exist`"},"timestamp":1778033326055,"hypothesisId":"F"}
{"sessionId":"b50ff1","location":"lib/billing/premium.ts","message":"isOrgPremium called","data":{"orgId":"cmotbihj40000a8vctt6vgo5t","hasOrgSubscription":"undefined","orgPrefixedKeys":["organization","organizationMember","orgSettings"]},"timestamp":1778033326708,"hypothesisId":"A"}
{"sessionId":"b50ff1","location":"lib/billing/premium.ts","message":"delegate resolved","data":{"orgId":"cmotbihj40000a8vctt6vgo5t","hasFindUnique":false},"timestamp":1778033326709,"hypothesisId":"E"}
{"sessionId":"b50ff1","location":"lib/billing/premium.ts","message":"fallback queryRaw failed","data":{"orgId":"cmotbihj40000a8vctt6vgo5t","error":"\nInvalid `prisma.$queryRaw()` invocation:\n\n\nRaw query failed. Code: `42P01`. Message: `relation \"OrgSubscription\" does not exist`"},"timestamp":1778033326712,"hypothesisId":"F"}
{"sessionId":"b50ff1","location":"lib/billing/premium.ts","message":"isOrgPremium called","data":{"orgId":"cmotbihj40000a8vctt6vgo5t","hasOrgSubscription":"undefined","orgPrefixedKeys":["organization","organizationMember","orgSettings"]},"timestamp":1778033327257,"hypothesisId":"A"}
{"sessionId":"b50ff1","location":"lib/billing/premium.ts","message":"delegate resolved","data":{"orgId":"cmotbihj40000a8vctt6vgo5t","hasFindUnique":false},"timestamp":1778033327257,"hypothesisId":"E"}
{"sessionId":"b50ff1","location":"lib/billing/premium.ts","message":"fallback queryRaw failed","data":{"orgId":"cmotbihj40000a8vctt6vgo5t","error":"\nInvalid `prisma.$queryRaw()` invocation:\n\n\nRaw query failed. Code: `42P01`. Message: `relation \"OrgSubscription\" does not exist`"},"timestamp":1778033327260,"hypothesisId":"F"}
{"sessionId":"b50ff1","location":"lib/billing/premium.ts","message":"isOrgPremium called","data":{"orgId":"cmotbihj40000a8vctt6vgo5t","hasOrgSubscription":"undefined","orgPrefixedKeys":["organization","organizationMember","orgSettings"]},"timestamp":1778033327764,"hypothesisId":"A"}
{"sessionId":"b50ff1","location":"lib/billing/premium.ts","message":"delegate resolved","data":{"orgId":"cmotbihj40000a8vctt6vgo5t","hasFindUnique":false},"timestamp":1778033327765,"hypothesisId":"E"}
{"sessionId":"b50ff1","location":"lib/billing/premium.ts","message":"fallback queryRaw failed","data":{"orgId":"cmotbihj40000a8vctt6vgo5t","error":"\nInvalid `prisma.$queryRaw()` invocation:\n\n\nRaw query failed. Code: `42P01`. Message: `relation \"OrgSubscription\" does not exist`"},"timestamp":1778033327768,"hypothesisId":"F"}
{"sessionId":"b50ff1","location":"lib/billing/premium.ts","message":"isOrgPremium called","data":{"orgId":"cmotbihj40000a8vctt6vgo5t","hasOrgSubscription":"undefined","orgPrefixedKeys":["organization","organizationMember","orgSettings"]},"timestamp":1778033328312,"hypothesisId":"A"}
{"sessionId":"b50ff1","location":"lib/billing/premium.ts","message":"delegate resolved","data":{"orgId":"cmotbihj40000a8vctt6vgo5t","hasFindUnique":false},"timestamp":1778033328313,"hypothesisId":"E"}
{"sessionId":"b50ff1","location":"lib/billing/premium.ts","message":"fallback queryRaw failed","data":{"orgId":"cmotbihj40000a8vctt6vgo5t","error":"\nInvalid `prisma.$queryRaw()` invocation:\n\n\nRaw query failed. Code: `42P01`. Message: `relation \"OrgSubscription\" does not exist`"},"timestamp":1778033328328,"hypothesisId":"F"}
{"sessionId":"b50ff1","location":"lib/billing/premium.ts","message":"isOrgPremium called","data":{"orgId":"cmotbihj40000a8vctt6vgo5t","hasOrgSubscription":"undefined","orgPrefixedKeys":["organization","organizationMember","orgSettings"]},"timestamp":1778033329113,"hypothesisId":"A"}
{"sessionId":"b50ff1","location":"lib/billing/premium.ts","message":"delegate resolved","data":{"orgId":"cmotbihj40000a8vctt6vgo5t","hasFindUnique":false},"timestamp":1778033329113,"hypothesisId":"E"}
{"sessionId":"b50ff1","location":"lib/billing/premium.ts","message":"fallback queryRaw failed","data":{"orgId":"cmotbihj40000a8vctt6vgo5t","error":"\nInvalid `prisma.$queryRaw()` invocation:\n\n\nRaw query failed. Code: `42P01`. Message: `relation \"OrgSubscription\" does not exist`"},"timestamp":1778033329117,"hypothesisId":"F"}
{"sessionId":"b50ff1","location":"lib/billing/premium.ts","message":"isOrgPremium called","data":{"orgId":"cmotbehxm0000ykvc80cz2ola","hasOrgSubscription":"object","orgPrefixedKeys":["organization","organizationMember","orgSettings","orgSubscription"]},"timestamp":1778033365460,"hypothesisId":"A"}
{"sessionId":"b50ff1","location":"lib/billing/premium.ts","message":"delegate resolved","data":{"orgId":"cmotbehxm0000ykvc80cz2ola","hasFindUnique":true},"timestamp":1778033365461,"hypothesisId":"E"}
{"sessionId":"b50ff1","location":"lib/billing/premium.ts","message":"used orgSubscription delegate","data":{"orgId":"cmotbehxm0000ykvc80cz2ola"},"timestamp":1778033365466,"hypothesisId":"A","runId":"post-fix"}
{"sessionId":"b50ff1","location":"lib/billing/premium.ts","message":"isOrgPremium called","data":{"orgId":"cmotbehxm0000ykvc80cz2ola","hasOrgSubscription":"object","orgPrefixedKeys":["organization","organizationMember","orgSettings","orgSubscription"]},"timestamp":1778033365531,"hypothesisId":"A"}
{"sessionId":"b50ff1","location":"lib/billing/premium.ts","message":"delegate resolved","data":{"orgId":"cmotbehxm0000ykvc80cz2ola","hasFindUnique":true},"timestamp":1778033365531,"hypothesisId":"E"}
{"sessionId":"b50ff1","location":"lib/billing/premium.ts","message":"used orgSubscription delegate","data":{"orgId":"cmotbehxm0000ykvc80cz2ola"},"timestamp":1778033365535,"hypothesisId":"A","runId":"post-fix"}
{"sessionId":"b50ff1","location":"lib/billing/premium.ts","message":"isOrgPremium called","data":{"orgId":"cmotbehxm0000ykvc80cz2ola","hasOrgSubscription":"object","orgPrefixedKeys":["organization","organizationMember","orgSettings","orgSubscription"]},"timestamp":1778033381818,"hypothesisId":"A"}
{"sessionId":"b50ff1","location":"lib/billing/premium.ts","message":"delegate resolved","data":{"orgId":"cmotbehxm0000ykvc80cz2ola","hasFindUnique":true},"timestamp":1778033381819,"hypothesisId":"E"}
{"sessionId":"b50ff1","location":"lib/billing/premium.ts","message":"used orgSubscription delegate","data":{"orgId":"cmotbehxm0000ykvc80cz2ola"},"timestamp":1778033381821,"hypothesisId":"A","runId":"post-fix"}
{"sessionId":"b50ff1","location":"lib/billing/premium.ts","message":"isOrgPremium called","data":{"orgId":"cmotbehxm0000ykvc80cz2ola","hasOrgSubscription":"object","orgPrefixedKeys":["organization","organizationMember","orgSettings","orgSubscription"]},"timestamp":1778033393773,"hypothesisId":"A"}
{"sessionId":"b50ff1","location":"lib/billing/premium.ts","message":"delegate resolved","data":{"orgId":"cmotbehxm0000ykvc80cz2ola","hasFindUnique":true},"timestamp":1778033393773,"hypothesisId":"E"}
{"sessionId":"b50ff1","location":"lib/billing/premium.ts","message":"used orgSubscription delegate","data":{"orgId":"cmotbehxm0000ykvc80cz2ola"},"timestamp":1778033393784,"hypothesisId":"A","runId":"post-fix"}
{"sessionId":"b50ff1","location":"lib/billing/premium.ts","message":"isOrgPremium called","data":{"orgId":"cmotbehxm0000ykvc80cz2ola","hasOrgSubscription":"object","orgPrefixedKeys":["organization","organizationMember","orgSettings","orgSubscription"]},"timestamp":1778033414063,"hypothesisId":"A"}
{"sessionId":"b50ff1","location":"lib/billing/premium.ts","message":"delegate resolved","data":{"orgId":"cmotbehxm0000ykvc80cz2ola","hasFindUnique":true},"timestamp":1778033414064,"hypothesisId":"E"}
{"sessionId":"b50ff1","location":"lib/billing/premium.ts","message":"used orgSubscription delegate","data":{"orgId":"cmotbehxm0000ykvc80cz2ola"},"timestamp":1778033414069,"hypothesisId":"A","runId":"post-fix"}
{"sessionId":"b50ff1","location":"lib/billing/premium.ts","message":"isOrgPremium called","data":{"orgId":"cmotbehxm0000ykvc80cz2ola","hasOrgSubscription":"object","orgPrefixedKeys":["organization","organizationMember","orgSettings","orgSubscription"]},"timestamp":1778033440268,"hypothesisId":"A"}
{"sessionId":"b50ff1","location":"lib/billing/premium.ts","message":"delegate resolved","data":{"orgId":"cmotbehxm0000ykvc80cz2ola","hasFindUnique":true},"timestamp":1778033440268,"hypothesisId":"E"}
{"sessionId":"b50ff1","location":"lib/billing/premium.ts","message":"used orgSubscription delegate","data":{"orgId":"cmotbehxm0000ykvc80cz2ola"},"timestamp":1778033440271,"hypothesisId":"A","runId":"post-fix"}
{"sessionId":"b50ff1","location":"lib/billing/premium.ts","message":"isOrgPremium called","data":{"orgId":"cmotbehxm0000ykvc80cz2ola","hasOrgSubscription":"object","orgPrefixedKeys":["organization","organizationMember","orgSettings","orgSubscription"]},"timestamp":1778033480544,"hypothesisId":"A"}
{"sessionId":"b50ff1","location":"lib/billing/premium.ts","message":"delegate resolved","data":{"orgId":"cmotbehxm0000ykvc80cz2ola","hasFindUnique":true},"timestamp":1778033480544,"hypothesisId":"E"}
{"sessionId":"b50ff1","location":"lib/billing/premium.ts","message":"used orgSubscription delegate","data":{"orgId":"cmotbehxm0000ykvc80cz2ola"},"timestamp":1778033480547,"hypothesisId":"A","runId":"post-fix"}
